// Jest Snapshot v1, https://goo.gl/fbAQLP

exports[`plugin/generateTypeScriptFile works as expected 1`] = `
"// IMPORTANT! This file is autogenerated by the \`type-safe-next-routes\`
// package. You should _not_ update these types manually...

declare module \\"@osdiab/next-type-safe-routes\\" {
  type Query = { [key: string]: any };
  export type TypeSafePage = \\"/404\\" | { route: \\"/404\\", query?: Query } | { route: \\"/catch-all\\", path: string, query?: Query } | \\"/\\" | { route: \\"/\\", query?: Query } | { route: \\"/nested-catch-all/[dynamic]/slugs\\", path: string, params: { \\"dynamic\\": string | number }, query?: Query } | \\"/optional-catch-all\\" | { route: \\"/optional-catch-all\\", path?: string, query?: Query } | { route: \\"/route-with-symbols/[value-with-hyphens]\\", params: { \\"value-with-hyphens\\": string | number }, query?: Query } | { route: \\"/users/[userId]\\", params: { \\"userId\\": string | number }, query?: Query } | \\"/users\\" | { route: \\"/users\\", query?: Query };
  export type TypeSafeApiRoute = { route: \\"/api/[authId]\\", params: { \\"authId\\": string | number }, query?: Query } | { route: \\"/api/catch-all\\", path: string, query?: Query } | \\"/api/multiple-periods/site.webmanifest\\" | { route: \\"/api/multiple-periods/site.webmanifest\\", query?: Query } | \\"/api/optional-catch-all\\" | { route: \\"/api/optional-catch-all\\", path?: string, query?: Query } | { route: \\"/api/users/[userId]\\", params: { \\"userId\\": string | number }, query?: Query } | \\"/api/users\\" | { route: \\"/api/users\\", query?: Query };
  export const getPathname: (typeSafeUrl: TypeSafePage | TypeSafeApiRoute) => string;
  export const getRoute: (typeSafeUrl: TypeSafePage | TypeSafeApiRoute) => string;
}
"
`;
